<area shape="rect" href="$class_json_1_1_value_internal_map.html#35a449536f6eb4459ded6b523e0969de" title="Json::ValueInternalMap::find" alt="" coords="285,31,469,57">
<area shape="rect" href="$class_json_1_1_value_internal_map.html#a7f5d3784f2ea54abfa9a6d8df45de5e" title="Json::ValueInternalMap::remove" alt="" coords="275,81,480,108">
<area shape="rect" href="$class_json_1_1_value_internal_map.html#dd7a9a415cc939ff4564e0aaa1cf6349" title="Json::ValueInternalMap::resolveReference" alt="" coords="247,132,508,159">
<area shape="rect" href="$class_json_1_1_value_internal_map.html#7ca5f3bef91f7be6f6eb55bfba6f2760" title="Json::ValueInternalMap::compare" alt="" coords="583,5,796,32">
<area shape="rect" href="$class_json_1_1_value_internal_map.html#279ee7d2eedd1d7c612f5b1509077eae" title="Json::ValueInternalMap::find" alt="" coords="597,56,781,83">
<area shape="rect" href="$class_json_1_1_value_internal_map.html#2878273dc8422a7d3dd656942180a0fb" title="Json::ValueInternalMap::ValueInternalMap" alt="" coords="557,132,821,159">
