<area shape="rect" href="$autolink_8h.html" title="include/json/autolink.h" alt="" coords="5,80,155,107">
<area shape="rect" href="$forwards_8h.html" title="include/json/forwards.h" alt="" coords="203,80,355,107">
<area shape="rect" href="$json_8h.html" title="include/json/json.h" alt="" coords="63,304,191,331">
<area shape="rect" href="$features_8h.html" title="include/json/features.h" alt="" coords="155,155,307,181">
<area shape="rect" href="$value_8h.html" title="include/json/value.h" alt="" coords="331,155,464,181">
<area shape="rect" href="$reader_8h.html" title="include/json/reader.h" alt="" coords="168,229,309,256">
<area shape="rect" href="$json__reader_8cpp.html" title="src/lib_json/json_reader.cpp" alt="" coords="215,304,399,331">
<area shape="rect" href="$writer_8h.html" title="include/json/writer.h" alt="" coords="441,229,577,256">
<area shape="rect" href="$json__value_8cpp.html" title="src/lib_json/json_value.cpp" alt="" coords="625,304,801,331">
<area shape="rect" href="$json__writer_8cpp.html" title="src/lib_json/json_writer.cpp" alt="" coords="423,304,601,331">
