<area shape="rect" href="$class_json_1_1_value_internal_map.html#f297ce9542d365473cf162132b7978a1" title="Json::ValueInternalMap::doActualRemove" alt="" coords="192,19,453,45">
<area shape="rect" href="$class_json_1_1_value_internal_map.html#edeef1ded464d8fbe51f11218fef5628" title="Json::ValueInternalMap::reserve" alt="" coords="220,157,425,184">
<area shape="rect" href="$class_json_1_1_value_internal_map.html#9cfabb1505e6075f6b0fc9a5f6b9756c" title="Json::ValueInternalMap::unsafeAdd" alt="" coords="211,81,435,108">
<area shape="rect" href="$class_json_1_1_value.html#da6ba1369448fb0240bccc36efaa46f7" title="Create a default Value of the given type." alt="" coords="257,208,388,235">
<area shape="rect" href="$class_json_1_1_value.html#287dea48da3912d02756735bf677b27b" title="Json::Value::~Value" alt="" coords="253,284,392,311">
<area shape="rect" href="$class_json_1_1_value_internal_map.html#507129e4f6c0314aee988f89e133da78" title="Json::ValueInternalMap::~ValueInternalMap" alt="" coords="187,335,459,361">
<area shape="rect" href="$class_json_1_1_value_internal_map.html#a7f5d3784f2ea54abfa9a6d8df45de5e" title="Json::ValueInternalMap::remove" alt="" coords="547,5,752,32">
<area shape="rect" href="$class_json_1_1_value_internal_map.html#338949cd1b84b7590ed438347d7d1ecc" title="Json::ValueInternalMap::reserveDelta" alt="" coords="532,107,767,133">
<area shape="rect" href="$class_json_1_1_value_internal_map.html#2878273dc8422a7d3dd656942180a0fb" title="Json::ValueInternalMap::ValueInternalMap" alt="" coords="1152,132,1416,159">
<area shape="rect" href="$class_json_1_1_value_internal_map.html#dd7a9a415cc939ff4564e0aaa1cf6349" title="Json::ValueInternalMap::resolveReference" alt="" coords="841,107,1103,133">
<area shape="rect" href="$class_json_1_1_value.html#7d99f5dba388cdaa152ce6ef933d64ef" title="Access an array element (zero based index )." alt="" coords="573,208,725,235">
<area shape="rect" href="$class_json_1_1_value.html#a284353271ada427dbfa04a42f2be407" title="Resize the array to size elements." alt="" coords="584,259,715,285">
<area shape="rect" href="$class_json_1_1_value_internal_array.html#1cb5e2a7587f0e5e320d60ac1a39e14f" title="Json::ValueInternalArray::resize" alt="" coords="547,309,752,336">
<area shape="rect" href="$class_json_1_1_value_internal_array.html#005321bd2242149b6920a63aec411017" title="Json::ValueInternalArray::~ValueInternalArray" alt="" coords="508,360,791,387">
