<area shape="rect" href="$class_json_1_1_value_internal_array.html#1cb5e2a7587f0e5e320d60ac1a39e14f" title="Json::ValueInternalArray::resize" alt="" coords="555,127,760,153">
<area shape="rect" href="$class_json_1_1_value.html#da6ba1369448fb0240bccc36efaa46f7" title="Create a default Value of the given type." alt="" coords="263,31,393,57">
<area shape="rect" href="$class_json_1_1_value_internal_array.html#6efb5fb84d46056b73b96f8dccd34dd6" title="Json::ValueInternalArray::ValueInternalArray" alt="" coords="191,132,465,159">
<area shape="rect" href="$class_json_1_1_value.html#287dea48da3912d02756735bf677b27b" title="Json::Value::~Value" alt="" coords="259,183,397,209">
<area shape="rect" href="$class_json_1_1_value_internal_array.html#005321bd2242149b6920a63aec411017" title="Json::ValueInternalArray::~ValueInternalArray" alt="" coords="516,215,799,241">
<area shape="rect" href="$class_json_1_1_value.html#7d99f5dba388cdaa152ce6ef933d64ef" title="Access an array element (zero based index )." alt="" coords="581,5,733,32">
<area shape="rect" href="$class_json_1_1_value.html#a284353271ada427dbfa04a42f2be407" title="Resize the array to size elements." alt="" coords="592,56,723,83">
